2026-09-09 10:50:53,449 INFO: Pulsing GPIO Pins
2026-09-09 10:50:53,449 INFO: On pulse 1 out of 20 complete
2026-09-09 10:50:53,949 INFO: Off pulse 1 out of 20 complete
2026-09-09 10:50:54,450 INFO: On pulse 2 out of 20 complete
2026-09-09 10:50:54,950 INFO: Off pulse 2 out of 20 complete
2026-09-09 10:50:55,450 INFO: On pulse 3 out of 20 complete
2026-09-09 10:50:55,951 INFO: Off pulse 3 out of 20 complete
2026-09-09 10:50:56,451 INFO: On pulse 4 out of 20 complete
2026-09-09 10:50:56,951 INFO: Off pulse 4 out of 20 complete
2026-09-09 10:50:57,452 INFO: On pulse 5 out of 20 complete
2026-09-09 10:50:57,953 INFO: Off pulse 5 out of 20 complete
2026-09-09 10:50:58,453 INFO: On pulse 6 out of 20 complete
2026-09-09 10:50:58,954 INFO: Off pulse 6 out of 20 complete
2026-09-09 10:50:59,454 INFO: On pulse 7 out of 20 complete
2026-09-09 10:50:59,955 INFO: Off pulse 7 out of 20 complete
2026-09-09 10:51:00,456 INFO: On pulse 8 out of 20 complete
2026-09-09 10:51:00,956 INFO: Off pulse 8 out of 20 complete
2026-09-09 10:51:01,457 INFO: On pulse 9 out of 20 complete
2026-09-09 10:51:01,957 INFO: Off pulse 9 out of 20 complete
2026-09-09 10:51:02,458 INFO: On pulse 10 out of 20 complete
2026-09-09 10:51:02,958 INFO: Off pulse 10 out of 20 complete
2026-09-09 10:51:03,459 INFO: On pulse 11 out of 20 complete
2026-09-09 10:51:03,960 INFO: Off pulse 11 out of 20 complete
2026-09-09 10:51:04,460 INFO: On pulse 12 out of 20 complete
2026-09-09 10:51:04,961 INFO: Off pulse 12 out of 20 complete
2026-09-09 10:51:05,461 INFO: On pulse 13 out of 20 complete
2026-09-09 10:51:05,962 INFO: Off pulse 13 out of 20 complete
2026-09-09 10:51:06,462 INFO: On pulse 14 out of 20 complete
2026-09-09 10:51:06,963 INFO: Off pulse 14 out of 20 complete
2026-09-09 10:51:07,464 INFO: On pulse 15 out of 20 complete
2026-09-09 10:51:07,964 INFO: Off pulse 15 out of 20 complete
2026-09-09 10:51:08,465 INFO: On pulse 16 out of 20 complete
2026-09-09 10:51:08,965 INFO: Off pulse 16 out of 20 complete
2026-09-09 10:51:09,466 INFO: On pulse 17 out of 20 complete
2026-09-09 10:51:09,967 INFO: Off pulse 17 out of 20 complete
2026-09-09 10:51:10,467 INFO: On pulse 18 out of 20 complete
2026-09-09 10:51:10,968 INFO: Off pulse 18 out of 20 complete
2026-09-09 10:51:11,468 INFO: On pulse 19 out of 20 complete
2026-09-09 10:51:11,969 INFO: Off pulse 19 out of 20 complete
2026-09-09 10:51:12,469 INFO: On pulse 20 out of 20 complete
2026-09-09 10:51:12,970 INFO: Off pulse 20 out of 20 complete
2026-09-09 10:51:13,471 INFO: 20 of pulses complete
2026-09-09 10:51:13,672 INFO: Pulsing GPIO Pins
2026-09-09 10:51:13,672 INFO: On pulse 1 out of 20 complete
2026-09-09 10:51:14,172 INFO: Off pulse 1 out of 20 complete
2026-09-09 10:51:14,673 INFO: On pulse 2 out of 20 complete
2026-09-09 10:51:15,173 INFO: Off pulse 2 out of 20 complete
2026-09-09 10:51:15,673 INFO: On pulse 3 out of 20 complete
2026-09-09 10:51:16,174 INFO: Off pulse 3 out of 20 complete
2026-09-09 10:51:16,674 INFO: On pulse 4 out of 20 complete
2026-09-09 10:51:17,174 INFO: Off pulse 4 out of 20 complete
2026-09-09 10:51:17,674 INFO: On pulse 5 out of 20 complete
2026-09-09 10:51:18,175 INFO: Off pulse 5 out of 20 complete
2026-09-09 10:51:18,675 INFO: On pulse 6 out of 20 complete
2026-09-09 10:51:19,176 INFO: Off pulse 6 out of 20 complete
2026-09-09 10:51:19,676 INFO: On pulse 7 out of 20 complete
2026-09-09 10:51:20,177 INFO: Off pulse 7 out of 20 complete
2026-09-09 10:51:20,677 INFO: On pulse 8 out of 20 complete
2026-09-09 10:51:21,178 INFO: Off pulse 8 out of 20 complete
2026-09-09 10:51:21,679 INFO: On pulse 9 out of 20 complete
2026-09-09 10:51:22,179 INFO: Off pulse 9 out of 20 complete
2026-09-09 10:51:22,680 INFO: On pulse 10 out of 20 complete
2026-09-09 10:51:23,180 INFO: Off pulse 10 out of 20 complete
2026-09-09 10:51:23,681 INFO: On pulse 11 out of 20 complete
2026-09-09 10:51:24,182 INFO: Off pulse 11 out of 20 complete
2026-09-09 10:51:24,682 INFO: On pulse 12 out of 20 complete
2026-09-09 10:51:25,183 INFO: Off pulse 12 out of 20 complete
2026-09-09 10:51:25,683 INFO: On pulse 13 out of 20 complete
2026-09-09 10:51:26,184 INFO: Off pulse 13 out of 20 complete
2026-09-09 10:51:26,685 INFO: On pulse 14 out of 20 complete
2026-09-09 10:51:27,185 INFO: Off pulse 14 out of 20 complete
2026-09-09 10:51:27,686 INFO: On pulse 15 out of 20 complete
2026-09-09 10:51:28,187 INFO: Off pulse 15 out of 20 complete
2026-09-09 10:51:28,687 INFO: On pulse 16 out of 20 complete
2026-09-09 10:51:29,188 INFO: Off pulse 16 out of 20 complete
2026-09-09 10:51:29,688 INFO: On pulse 17 out of 20 complete
2026-09-09 10:51:30,189 INFO: Off pulse 17 out of 20 complete
2026-09-09 10:51:30,689 INFO: On pulse 18 out of 20 complete
2026-09-09 10:51:31,190 INFO: Off pulse 18 out of 20 complete
2026-09-09 10:51:31,691 INFO: On pulse 19 out of 20 complete
2026-09-09 10:51:32,191 INFO: Off pulse 19 out of 20 complete
2026-09-09 10:51:32,692 INFO: On pulse 20 out of 20 complete
2026-09-09 10:51:33,192 INFO: Off pulse 20 out of 20 complete
2026-09-09 10:51:33,693 INFO: 20 of pulses complete
2026-09-09 10:52:03,943 INFO: Pulsing GPIO Pins
2026-09-09 10:52:03,944 INFO: On pulse 1 out of 20 complete
2026-09-09 10:52:04,444 INFO: Off pulse 1 out of 20 complete
2026-09-09 10:52:04,944 INFO: On pulse 2 out of 20 complete
2026-09-09 10:52:05,444 INFO: Off pulse 2 out of 20 complete
2026-09-09 10:52:05,945 INFO: On pulse 3 out of 20 complete
2026-09-09 10:52:06,445 INFO: Off pulse 3 out of 20 complete
2026-09-09 10:52:06,945 INFO: On pulse 4 out of 20 complete
2026-09-09 10:52:07,446 INFO: Off pulse 4 out of 20 complete
2026-09-09 10:52:07,946 INFO: On pulse 5 out of 20 complete
2026-09-09 10:52:08,446 INFO: Off pulse 5 out of 20 complete
2026-09-09 10:52:08,947 INFO: On pulse 6 out of 20 complete
2026-09-09 10:52:09,447 INFO: Off pulse 6 out of 20 complete
2026-09-09 10:52:09,948 INFO: On pulse 7 out of 20 complete
2026-09-09 10:52:10,449 INFO: Off pulse 7 out of 20 complete
2026-09-09 10:52:10,949 INFO: On pulse 8 out of 20 complete
2026-09-09 10:52:11,450 INFO: Off pulse 8 out of 20 complete
2026-09-09 10:52:11,950 INFO: On pulse 9 out of 20 complete
2026-09-09 10:52:12,451 INFO: Off pulse 9 out of 20 complete
2026-09-09 10:52:12,952 INFO: On pulse 10 out of 20 complete
2026-09-09 10:52:13,452 INFO: Off pulse 10 out of 20 complete
2026-09-09 10:52:13,953 INFO: On pulse 11 out of 20 complete
2026-09-09 10:52:14,453 INFO: Off pulse 11 out of 20 complete
2026-09-09 10:52:14,954 INFO: On pulse 12 out of 20 complete
2026-09-09 10:52:15,454 INFO: Off pulse 12 out of 20 complete
2026-09-09 10:52:15,955 INFO: On pulse 13 out of 20 complete
2026-09-09 10:52:16,455 INFO: Off pulse 13 out of 20 complete
2026-09-09 10:52:16,956 INFO: On pulse 14 out of 20 complete
2026-09-09 10:52:17,457 INFO: Off pulse 14 out of 20 complete
2026-09-09 10:52:17,957 INFO: On pulse 15 out of 20 complete
2026-09-09 10:52:18,458 INFO: Off pulse 15 out of 20 complete
2026-09-09 10:52:18,958 INFO: On pulse 16 out of 20 complete
2026-09-09 10:52:19,459 INFO: Off pulse 16 out of 20 complete
2026-09-09 10:52:19,960 INFO: On pulse 17 out of 20 complete
2026-09-09 10:52:20,460 INFO: Off pulse 17 out of 20 complete
2026-09-09 10:52:20,961 INFO: On pulse 18 out of 20 complete
2026-09-09 10:52:21,461 INFO: Off pulse 18 out of 20 complete
2026-09-09 10:52:21,962 INFO: On pulse 19 out of 20 complete
2026-09-09 10:52:22,462 INFO: Off pulse 19 out of 20 complete
2026-09-09 10:52:22,963 INFO: On pulse 20 out of 20 complete
2026-09-09 10:52:23,464 INFO: Off pulse 20 out of 20 complete
2026-09-09 10:52:23,964 INFO: 20 of pulses complete
2026-09-09 10:53:17,017 INFO: Pulsing GPIO Pins
2026-09-09 10:53:17,017 INFO: On pulse 1 out of 20 complete
2026-09-09 10:53:17,517 INFO: Off pulse 1 out of 20 complete
2026-09-09 10:53:18,017 INFO: On pulse 2 out of 20 complete
2026-09-09 10:53:18,518 INFO: Off pulse 2 out of 20 complete
2026-09-09 10:53:19,018 INFO: On pulse 3 out of 20 complete
2026-09-09 10:53:19,518 INFO: Off pulse 3 out of 20 complete
2026-09-09 10:53:20,019 INFO: On pulse 4 out of 20 complete
2026-09-09 10:53:20,519 INFO: Off pulse 4 out of 20 complete
2026-09-09 10:53:21,019 INFO: On pulse 5 out of 20 complete
2026-09-09 10:53:21,520 INFO: Off pulse 5 out of 20 complete
2026-09-09 10:53:22,020 INFO: On pulse 6 out of 20 complete
2026-09-09 10:53:22,521 INFO: Off pulse 6 out of 20 complete
2026-09-09 10:53:23,021 INFO: On pulse 7 out of 20 complete
2026-09-09 10:53:23,522 INFO: Off pulse 7 out of 20 complete
2026-09-09 10:53:24,023 INFO: On pulse 8 out of 20 complete
2026-09-09 10:53:24,524 INFO: Off pulse 8 out of 20 complete
2026-09-09 10:53:25,024 INFO: On pulse 9 out of 20 complete
2026-09-09 10:53:25,525 INFO: Off pulse 9 out of 20 complete
2026-09-09 10:53:26,026 INFO: On pulse 10 out of 20 complete
2026-09-09 10:53:26,527 INFO: Off pulse 10 out of 20 complete
2026-09-09 10:53:27,028 INFO: On pulse 11 out of 20 complete
2026-09-09 10:53:27,528 INFO: Off pulse 11 out of 20 complete
2026-09-09 10:53:28,029 INFO: On pulse 12 out of 20 complete
2026-09-09 10:53:28,530 INFO: Off pulse 12 out of 20 complete
2026-09-09 10:53:29,030 INFO: On pulse 13 out of 20 complete
2026-09-09 10:53:29,531 INFO: Off pulse 13 out of 20 complete
2026-09-09 10:53:30,032 INFO: On pulse 14 out of 20 complete
2026-09-09 10:53:30,532 INFO: Off pulse 14 out of 20 complete
2026-09-09 10:53:31,033 INFO: On pulse 15 out of 20 complete
2026-09-09 10:53:31,533 INFO: Off pulse 15 out of 20 complete
2026-09-09 10:53:32,034 INFO: On pulse 16 out of 20 complete
2026-09-09 10:53:32,534 INFO: Off pulse 16 out of 20 complete
2026-09-09 10:53:33,035 INFO: On pulse 17 out of 20 complete
2026-09-09 10:53:33,535 INFO: Off pulse 17 out of 20 complete
2026-09-09 10:53:34,036 INFO: On pulse 18 out of 20 complete
2026-09-09 10:53:34,536 INFO: Off pulse 18 out of 20 complete
2026-09-09 10:53:35,037 INFO: On pulse 19 out of 20 complete
2026-09-09 10:53:35,537 INFO: Off pulse 19 out of 20 complete
2026-09-09 10:53:36,038 INFO: On pulse 20 out of 20 complete
2026-09-09 10:53:36,539 INFO: Off pulse 20 out of 20 complete
2026-09-09 10:53:37,039 INFO: 20 of pulses complete
2026-09-09 10:54:04,083 INFO: Pulsing GPIO Pins
2026-09-09 10:54:04,083 INFO: On pulse 1 out of 20 complete
2026-09-09 10:54:04,584 INFO: Off pulse 1 out of 20 complete
2026-09-09 10:54:05,084 INFO: On pulse 2 out of 20 complete
2026-09-09 10:54:05,584 INFO: Off pulse 2 out of 20 complete
2026-09-09 10:54:06,085 INFO: On pulse 3 out of 20 complete
2026-09-09 10:54:06,585 INFO: Off pulse 3 out of 20 complete
2026-09-09 10:54:07,085 INFO: On pulse 4 out of 20 complete
2026-09-09 10:54:07,585 INFO: Off pulse 4 out of 20 complete
2026-09-09 10:54:08,086 INFO: On pulse 5 out of 20 complete
2026-09-09 10:54:08,586 INFO: Off pulse 5 out of 20 complete
2026-09-09 10:54:09,086 INFO: On pulse 6 out of 20 complete
2026-09-09 10:54:09,587 INFO: Off pulse 6 out of 20 complete
2026-09-09 10:54:10,088 INFO: On pulse 7 out of 20 complete
2026-09-09 10:54:10,588 INFO: Off pulse 7 out of 20 complete
2026-09-09 10:54:11,089 INFO: On pulse 8 out of 20 complete
2026-09-09 10:54:11,589 INFO: Off pulse 8 out of 20 complete
2026-09-09 10:54:12,090 INFO: On pulse 9 out of 20 complete
2026-09-09 10:54:12,591 INFO: Off pulse 9 out of 20 complete
2026-09-09 10:54:13,091 INFO: On pulse 10 out of 20 complete
2026-09-09 10:54:13,592 INFO: Off pulse 10 out of 20 complete
2026-09-09 10:54:14,092 INFO: On pulse 11 out of 20 complete
2026-09-09 10:54:14,594 INFO: Off pulse 11 out of 20 complete
2026-09-09 10:54:15,095 INFO: On pulse 12 out of 20 complete
2026-09-09 10:54:15,595 INFO: Off pulse 12 out of 20 complete
2026-09-09 10:54:16,096 INFO: On pulse 13 out of 20 complete
2026-09-09 10:54:16,596 INFO: Off pulse 13 out of 20 complete
2026-09-09 10:54:17,097 INFO: On pulse 14 out of 20 complete
2026-09-09 10:54:17,597 INFO: Off pulse 14 out of 20 complete
2026-09-09 10:54:18,098 INFO: On pulse 15 out of 20 complete
2026-09-09 10:54:18,599 INFO: Off pulse 15 out of 20 complete
2026-09-09 10:54:19,099 INFO: On pulse 16 out of 20 complete
2026-09-09 10:54:19,601 INFO: Off pulse 16 out of 20 complete
2026-09-09 10:54:20,102 INFO: On pulse 17 out of 20 complete
2026-09-09 10:54:20,602 INFO: Off pulse 17 out of 20 complete
2026-09-09 10:54:21,103 INFO: On pulse 18 out of 20 complete
2026-09-09 10:54:21,603 INFO: Off pulse 18 out of 20 complete
2026-09-09 10:54:22,104 INFO: On pulse 19 out of 20 complete
2026-09-09 10:54:22,604 INFO: Off pulse 19 out of 20 complete
2026-09-09 10:54:23,105 INFO: On pulse 20 out of 20 complete
2026-09-09 10:54:23,606 INFO: Off pulse 20 out of 20 complete
2026-09-09 10:54:24,106 INFO: 20 of pulses complete
2026-09-09 10:55:10,005 INFO: Pulsing GPIO Pins
2026-09-09 10:55:10,005 INFO: On pulse 1 out of 20 complete
2026-09-09 10:55:10,505 INFO: Off pulse 1 out of 20 complete
2026-09-09 10:55:11,005 INFO: On pulse 2 out of 20 complete
2026-09-09 10:55:11,506 INFO: Off pulse 2 out of 20 complete
2026-09-09 10:55:12,006 INFO: On pulse 3 out of 20 complete
2026-09-09 10:55:12,507 INFO: Off pulse 3 out of 20 complete
2026-09-09 10:55:13,007 INFO: On pulse 4 out of 20 complete
2026-09-09 10:55:13,507 INFO: Off pulse 4 out of 20 complete
2026-09-09 10:55:14,008 INFO: On pulse 5 out of 20 complete
2026-09-09 10:55:14,508 INFO: Off pulse 5 out of 20 complete
2026-09-09 10:55:15,009 INFO: On pulse 6 out of 20 complete
2026-09-09 10:55:15,509 INFO: Off pulse 6 out of 20 complete
2026-09-09 10:55:16,010 INFO: On pulse 7 out of 20 complete
2026-09-09 10:55:16,511 INFO: Off pulse 7 out of 20 complete
2026-09-09 10:55:17,011 INFO: On pulse 8 out of 20 complete
2026-09-09 10:55:17,512 INFO: Off pulse 8 out of 20 complete
2026-09-09 10:55:18,013 INFO: On pulse 9 out of 20 complete
2026-09-09 10:55:18,513 INFO: Off pulse 9 out of 20 complete
2026-09-09 10:55:19,014 INFO: On pulse 10 out of 20 complete
2026-09-09 10:55:19,515 INFO: Off pulse 10 out of 20 complete
2026-09-09 10:55:20,015 INFO: On pulse 11 out of 20 complete
2026-09-09 10:55:20,516 INFO: Off pulse 11 out of 20 complete
2026-09-09 10:55:21,017 INFO: On pulse 12 out of 20 complete
2026-09-09 10:55:21,517 INFO: Off pulse 12 out of 20 complete
2026-09-09 10:55:22,018 INFO: On pulse 13 out of 20 complete
2026-09-09 10:55:22,519 INFO: Off pulse 13 out of 20 complete
2026-09-09 10:55:23,019 INFO: On pulse 14 out of 20 complete
2026-09-09 10:55:23,520 INFO: Off pulse 14 out of 20 complete
2026-09-09 10:55:24,021 INFO: On pulse 15 out of 20 complete
2026-09-09 10:55:24,522 INFO: Off pulse 15 out of 20 complete
2026-09-09 10:55:25,023 INFO: On pulse 16 out of 20 complete
2026-09-09 10:55:25,524 INFO: Off pulse 16 out of 20 complete
2026-09-09 10:55:26,024 INFO: On pulse 17 out of 20 complete
2026-09-09 10:55:26,525 INFO: Off pulse 17 out of 20 complete
2026-09-09 10:55:27,026 INFO: On pulse 18 out of 20 complete
2026-09-09 10:55:27,527 INFO: Off pulse 18 out of 20 complete
2026-09-09 10:55:28,028 INFO: On pulse 19 out of 20 complete
2026-09-09 10:55:28,529 INFO: Off pulse 19 out of 20 complete
2026-09-09 10:55:29,029 INFO: On pulse 20 out of 20 complete
2026-09-09 10:55:29,530 INFO: Off pulse 20 out of 20 complete
2026-09-09 10:55:30,030 INFO: 20 of pulses complete
2026-09-09 10:56:00,269 INFO: Pulsing GPIO Pins
2026-09-09 10:56:00,270 INFO: On pulse 1 out of 20 complete
2026-09-09 10:56:00,770 INFO: Off pulse 1 out of 20 complete
2026-09-09 10:56:01,270 INFO: On pulse 2 out of 20 complete
2026-09-09 10:56:01,771 INFO: Off pulse 2 out of 20 complete
2026-09-09 10:56:02,271 INFO: On pulse 3 out of 20 complete
2026-09-09 10:56:02,771 INFO: Off pulse 3 out of 20 complete
2026-09-09 10:56:03,271 INFO: On pulse 4 out of 20 complete
2026-09-09 10:56:03,772 INFO: Off pulse 4 out of 20 complete
2026-09-09 10:56:04,272 INFO: On pulse 5 out of 20 complete
2026-09-09 10:56:04,772 INFO: Off pulse 5 out of 20 complete
2026-09-09 10:56:05,273 INFO: On pulse 6 out of 20 complete
2026-09-09 10:56:05,773 INFO: Off pulse 6 out of 20 complete
2026-09-09 10:56:06,274 INFO: On pulse 7 out of 20 complete
2026-09-09 10:56:06,774 INFO: Off pulse 7 out of 20 complete
2026-09-09 10:56:07,275 INFO: On pulse 8 out of 20 complete
2026-09-09 10:56:07,775 INFO: Off pulse 8 out of 20 complete
2026-09-09 10:56:08,276 INFO: On pulse 9 out of 20 complete
2026-09-09 10:56:08,777 INFO: Off pulse 9 out of 20 complete
2026-09-09 10:56:09,277 INFO: On pulse 10 out of 20 complete
2026-09-09 10:56:09,778 INFO: Off pulse 10 out of 20 complete
2026-09-09 10:56:10,278 INFO: On pulse 11 out of 20 complete
2026-09-09 10:56:10,779 INFO: Off pulse 11 out of 20 complete
2026-09-09 10:56:11,279 INFO: On pulse 12 out of 20 complete
2026-09-09 10:56:11,780 INFO: Off pulse 12 out of 20 complete
2026-09-09 10:56:12,280 INFO: On pulse 13 out of 20 complete
2026-09-09 10:56:12,781 INFO: Off pulse 13 out of 20 complete
2026-09-09 10:56:13,282 INFO: On pulse 14 out of 20 complete
2026-09-09 10:56:13,782 INFO: Off pulse 14 out of 20 complete
2026-09-09 10:56:14,282 INFO: On pulse 15 out of 20 complete
2026-09-09 10:56:14,783 INFO: Off pulse 15 out of 20 complete
2026-09-09 10:56:15,284 INFO: On pulse 16 out of 20 complete
2026-09-09 10:56:15,784 INFO: Off pulse 16 out of 20 complete
2026-09-09 10:56:16,285 INFO: On pulse 17 out of 20 complete
2026-09-09 10:56:16,785 INFO: Off pulse 17 out of 20 complete
2026-09-09 10:56:17,286 INFO: On pulse 18 out of 20 complete
2026-09-09 10:56:17,786 INFO: Off pulse 18 out of 20 complete
2026-09-09 10:56:18,287 INFO: On pulse 19 out of 20 complete
2026-09-09 10:56:18,787 INFO: Off pulse 19 out of 20 complete
2026-09-09 10:56:19,288 INFO: On pulse 20 out of 20 complete
2026-09-09 10:56:19,789 INFO: Off pulse 20 out of 20 complete
2026-09-09 10:56:20,289 INFO: 20 of pulses complete
2026-09-09 10:57:04,090 INFO: Pulsing GPIO Pins
2026-09-09 10:57:04,090 INFO: On pulse 1 out of 20 complete
2026-09-09 10:57:04,591 INFO: Off pulse 1 out of 20 complete
2026-09-09 10:57:05,091 INFO: On pulse 2 out of 20 complete
2026-09-09 10:57:05,591 INFO: Off pulse 2 out of 20 complete
2026-09-09 10:57:06,092 INFO: On pulse 3 out of 20 complete
2026-09-09 10:57:06,592 INFO: Off pulse 3 out of 20 complete
2026-09-09 10:57:07,092 INFO: On pulse 4 out of 20 complete
2026-09-09 10:57:07,592 INFO: Off pulse 4 out of 20 complete
2026-09-09 10:57:08,093 INFO: On pulse 5 out of 20 complete
2026-09-09 10:57:08,593 INFO: Off pulse 5 out of 20 complete
2026-09-09 10:57:09,093 INFO: On pulse 6 out of 20 complete
2026-09-09 10:57:09,594 INFO: Off pulse 6 out of 20 complete
2026-09-09 10:57:10,095 INFO: On pulse 7 out of 20 complete
2026-09-09 10:57:10,595 INFO: Off pulse 7 out of 20 complete
2026-09-09 10:57:11,096 INFO: On pulse 8 out of 20 complete
2026-09-09 10:57:11,596 INFO: Off pulse 8 out of 20 complete
2026-09-09 10:57:12,097 INFO: On pulse 9 out of 20 complete
2026-09-09 10:57:12,598 INFO: Off pulse 9 out of 20 complete
2026-09-09 10:57:13,098 INFO: On pulse 10 out of 20 complete
2026-09-09 10:57:13,599 INFO: Off pulse 10 out of 20 complete
2026-09-09 10:57:14,099 INFO: On pulse 11 out of 20 complete
2026-09-09 10:57:14,601 INFO: Off pulse 11 out of 20 complete
2026-09-09 10:57:15,102 INFO: On pulse 12 out of 20 complete
2026-09-09 10:57:15,602 INFO: Off pulse 12 out of 20 complete
2026-09-09 10:57:16,103 INFO: On pulse 13 out of 20 complete
2026-09-09 10:57:16,604 INFO: Off pulse 13 out of 20 complete
2026-09-09 10:57:17,104 INFO: On pulse 14 out of 20 complete
2026-09-09 10:57:17,605 INFO: Off pulse 14 out of 20 complete
2026-09-09 10:57:18,105 INFO: On pulse 15 out of 20 complete
2026-09-09 10:57:18,606 INFO: Off pulse 15 out of 20 complete
2026-09-09 10:57:19,106 INFO: On pulse 16 out of 20 complete
2026-09-09 10:57:19,608 INFO: Off pulse 16 out of 20 complete
2026-09-09 10:57:20,109 INFO: On pulse 17 out of 20 complete
2026-09-09 10:57:20,609 INFO: Off pulse 17 out of 20 complete
2026-09-09 10:57:21,110 INFO: On pulse 18 out of 20 complete
2026-09-09 10:57:21,610 INFO: Off pulse 18 out of 20 complete
2026-09-09 10:57:22,111 INFO: On pulse 19 out of 20 complete
2026-09-09 10:57:22,612 INFO: Off pulse 19 out of 20 complete
2026-09-09 10:57:23,112 INFO: On pulse 20 out of 20 complete
2026-09-09 10:57:23,613 INFO: Off pulse 20 out of 20 complete
2026-09-09 10:57:24,113 INFO: 20 of pulses complete
2026-09-09 10:58:04,083 INFO: Pulsing GPIO Pins
2026-09-09 10:58:04,083 INFO: On pulse 1 out of 20 complete
2026-09-09 10:58:04,584 INFO: Off pulse 1 out of 20 complete
2026-09-09 10:58:05,084 INFO: On pulse 2 out of 20 complete
2026-09-09 10:58:05,584 INFO: Off pulse 2 out of 20 complete
2026-09-09 10:58:06,085 INFO: On pulse 3 out of 20 complete
2026-09-09 10:58:06,585 INFO: Off pulse 3 out of 20 complete
2026-09-09 10:58:07,085 INFO: On pulse 4 out of 20 complete
2026-09-09 10:58:07,585 INFO: Off pulse 4 out of 20 complete
2026-09-09 10:58:08,086 INFO: On pulse 5 out of 20 complete
2026-09-09 10:58:08,586 INFO: Off pulse 5 out of 20 complete
2026-09-09 10:58:09,086 INFO: On pulse 6 out of 20 complete
2026-09-09 10:58:09,587 INFO: Off pulse 6 out of 20 complete
2026-09-09 10:58:10,088 INFO: On pulse 7 out of 20 complete
2026-09-09 10:58:10,588 INFO: Off pulse 7 out of 20 complete
2026-09-09 10:58:11,089 INFO: On pulse 8 out of 20 complete
2026-09-09 10:58:11,590 INFO: Off pulse 8 out of 20 complete
2026-09-09 10:58:12,090 INFO: On pulse 9 out of 20 complete
2026-09-09 10:58:12,591 INFO: Off pulse 9 out of 20 complete
2026-09-09 10:58:13,091 INFO: On pulse 10 out of 20 complete
2026-09-09 10:58:13,592 INFO: Off pulse 10 out of 20 complete
2026-09-09 10:58:14,092 INFO: On pulse 11 out of 20 complete
2026-09-09 10:58:14,593 INFO: Off pulse 11 out of 20 complete
2026-09-09 10:58:15,093 INFO: On pulse 12 out of 20 complete
2026-09-09 10:58:15,594 INFO: Off pulse 12 out of 20 complete
2026-09-09 10:58:16,095 INFO: On pulse 13 out of 20 complete
2026-09-09 10:58:16,595 INFO: Off pulse 13 out of 20 complete
2026-09-09 10:58:17,096 INFO: On pulse 14 out of 20 complete
2026-09-09 10:58:17,596 INFO: Off pulse 14 out of 20 complete
2026-09-09 10:58:18,097 INFO: On pulse 15 out of 20 complete
2026-09-09 10:58:18,597 INFO: Off pulse 15 out of 20 complete
2026-09-09 10:58:19,098 INFO: On pulse 16 out of 20 complete
2026-09-09 10:58:19,598 INFO: Off pulse 16 out of 20 complete
2026-09-09 10:58:20,099 INFO: On pulse 17 out of 20 complete
2026-09-09 10:58:20,599 INFO: Off pulse 17 out of 20 complete
2026-09-09 10:58:21,100 INFO: On pulse 18 out of 20 complete
2026-09-09 10:58:21,601 INFO: Off pulse 18 out of 20 complete
2026-09-09 10:58:22,101 INFO: On pulse 19 out of 20 complete
2026-09-09 10:58:22,602 INFO: Off pulse 19 out of 20 complete
2026-09-09 10:58:23,102 INFO: On pulse 20 out of 20 complete
2026-09-09 10:58:23,603 INFO: Off pulse 20 out of 20 complete
2026-09-09 10:58:24,103 INFO: 20 of pulses complete
2026-09-09 10:59:17,032 INFO: Pulsing GPIO Pins
2026-09-09 10:59:17,032 INFO: On pulse 1 out of 20 complete
2026-09-09 10:59:17,532 INFO: Off pulse 1 out of 20 complete
2026-09-09 10:59:18,032 INFO: On pulse 2 out of 20 complete
2026-09-09 10:59:18,533 INFO: Off pulse 2 out of 20 complete
2026-09-09 10:59:19,033 INFO: On pulse 3 out of 20 complete
2026-09-09 10:59:19,533 INFO: Off pulse 3 out of 20 complete
2026-09-09 10:59:20,034 INFO: On pulse 4 out of 20 complete
2026-09-09 10:59:20,534 INFO: Off pulse 4 out of 20 complete
2026-09-09 10:59:21,034 INFO: On pulse 5 out of 20 complete
2026-09-09 10:59:21,534 INFO: Off pulse 5 out of 20 complete
2026-09-09 10:59:22,035 INFO: On pulse 6 out of 20 complete
2026-09-09 10:59:22,535 INFO: Off pulse 6 out of 20 complete
2026-09-09 10:59:23,036 INFO: On pulse 7 out of 20 complete
2026-09-09 10:59:23,537 INFO: Off pulse 7 out of 20 complete
2026-09-09 10:59:24,037 INFO: On pulse 8 out of 20 complete
2026-09-09 10:59:24,538 INFO: Off pulse 8 out of 20 complete
2026-09-09 10:59:25,038 INFO: On pulse 9 out of 20 complete
2026-09-09 10:59:25,539 INFO: Off pulse 9 out of 20 complete
2026-09-09 10:59:26,040 INFO: On pulse 10 out of 20 complete
2026-09-09 10:59:26,540 INFO: Off pulse 10 out of 20 complete
2026-09-09 10:59:27,041 INFO: On pulse 11 out of 20 complete
2026-09-09 10:59:27,541 INFO: Off pulse 11 out of 20 complete
2026-09-09 10:59:28,042 INFO: On pulse 12 out of 20 complete
2026-09-09 10:59:28,542 INFO: Off pulse 12 out of 20 complete
2026-09-09 10:59:29,043 INFO: On pulse 13 out of 20 complete
2026-09-09 10:59:29,544 INFO: Off pulse 13 out of 20 complete
2026-09-09 10:59:30,044 INFO: On pulse 14 out of 20 complete
2026-09-09 10:59:30,545 INFO: Off pulse 14 out of 20 complete
2026-09-09 10:59:31,045 INFO: On pulse 15 out of 20 complete
2026-09-09 10:59:31,546 INFO: Off pulse 15 out of 20 complete
2026-09-09 10:59:32,046 INFO: On pulse 16 out of 20 complete
2026-09-09 10:59:32,547 INFO: Off pulse 16 out of 20 complete
2026-09-09 10:59:33,048 INFO: On pulse 17 out of 20 complete
2026-09-09 10:59:33,548 INFO: Off pulse 17 out of 20 complete
2026-09-09 10:59:34,049 INFO: On pulse 18 out of 20 complete
2026-09-09 10:59:34,550 INFO: Off pulse 18 out of 20 complete
2026-09-09 10:59:35,050 INFO: On pulse 19 out of 20 complete
2026-09-09 10:59:35,551 INFO: Off pulse 19 out of 20 complete
2026-09-09 10:59:36,051 INFO: On pulse 20 out of 20 complete
2026-09-09 10:59:36,552 INFO: Off pulse 20 out of 20 complete
2026-09-09 10:59:37,053 INFO: 20 of pulses complete
2026-09-09 11:00:04,083 INFO: Pulsing GPIO Pins
2026-09-09 11:00:04,083 INFO: On pulse 1 out of 20 complete
2026-09-09 11:00:04,583 INFO: Off pulse 1 out of 20 complete
2026-09-09 11:00:05,084 INFO: On pulse 2 out of 20 complete
2026-09-09 11:00:05,584 INFO: Off pulse 2 out of 20 complete
2026-09-09 11:00:06,084 INFO: On pulse 3 out of 20 complete
2026-09-09 11:00:06,585 INFO: Off pulse 3 out of 20 complete
2026-09-09 11:00:07,085 INFO: On pulse 4 out of 20 complete
2026-09-09 11:00:07,585 INFO: Off pulse 4 out of 20 complete
2026-09-09 11:00:08,086 INFO: On pulse 5 out of 20 complete
2026-09-09 11:00:08,586 INFO: Off pulse 5 out of 20 complete
2026-09-09 11:00:09,086 INFO: On pulse 6 out of 20 complete
2026-09-09 11:00:09,587 INFO: Off pulse 6 out of 20 complete
2026-09-09 11:00:10,088 INFO: On pulse 7 out of 20 complete
2026-09-09 11:00:10,588 INFO: Off pulse 7 out of 20 complete
2026-09-09 11:00:11,089 INFO: On pulse 8 out of 20 complete
2026-09-09 11:00:11,590 INFO: Off pulse 8 out of 20 complete
2026-09-09 11:00:12,090 INFO: On pulse 9 out of 20 complete
2026-09-09 11:00:12,591 INFO: Off pulse 9 out of 20 complete
2026-09-09 11:00:13,091 INFO: On pulse 10 out of 20 complete
2026-09-09 11:00:13,592 INFO: Off pulse 10 out of 20 complete
2026-09-09 11:00:14,093 INFO: On pulse 11 out of 20 complete
2026-09-09 11:00:14,595 INFO: Off pulse 11 out of 20 complete
2026-09-09 11:00:15,095 INFO: On pulse 12 out of 20 complete
2026-09-09 11:00:15,596 INFO: Off pulse 12 out of 20 complete
2026-09-09 11:00:16,096 INFO: On pulse 13 out of 20 complete
2026-09-09 11:00:16,597 INFO: Off pulse 13 out of 20 complete
2026-09-09 11:00:17,098 INFO: On pulse 14 out of 20 complete
2026-09-09 11:00:17,598 INFO: Off pulse 14 out of 20 complete
2026-09-09 11:00:18,099 INFO: On pulse 15 out of 20 complete
2026-09-09 11:00:18,599 INFO: Off pulse 15 out of 20 complete
2026-09-09 11:00:19,100 INFO: On pulse 16 out of 20 complete
2026-09-09 11:00:19,602 INFO: Off pulse 16 out of 20 complete
2026-09-09 11:00:20,102 INFO: On pulse 17 out of 20 complete
2026-09-09 11:00:20,603 INFO: Off pulse 17 out of 20 complete
2026-09-09 11:00:21,104 INFO: On pulse 18 out of 20 complete
2026-09-09 11:00:21,604 INFO: Off pulse 18 out of 20 complete
2026-09-09 11:00:22,105 INFO: On pulse 19 out of 20 complete
2026-09-09 11:00:22,605 INFO: Off pulse 19 out of 20 complete
2026-09-09 11:00:23,106 INFO: On pulse 20 out of 20 complete
2026-09-09 11:00:23,607 INFO: Off pulse 20 out of 20 complete
2026-09-09 11:00:24,107 INFO: 20 of pulses complete
2026-09-09 11:01:17,024 INFO: Pulsing GPIO Pins
2026-09-09 11:01:17,024 INFO: On pulse 1 out of 20 complete
2026-09-09 11:01:17,525 INFO: Off pulse 1 out of 20 complete
2026-09-09 11:01:18,025 INFO: On pulse 2 out of 20 complete
2026-09-09 11:01:18,525 INFO: Off pulse 2 out of 20 complete
2026-09-09 11:01:19,026 INFO: On pulse 3 out of 20 complete
2026-09-09 11:01:19,526 INFO: Off pulse 3 out of 20 complete
2026-09-09 11:01:20,026 INFO: On pulse 4 out of 20 complete
2026-09-09 11:01:20,527 INFO: Off pulse 4 out of 20 complete
2026-09-09 11:01:21,027 INFO: On pulse 5 out of 20 complete
2026-09-09 11:01:21,527 INFO: Off pulse 5 out of 20 complete
2026-09-09 11:01:22,028 INFO: On pulse 6 out of 20 complete
2026-09-09 11:01:22,529 INFO: Off pulse 6 out of 20 complete
2026-09-09 11:01:23,030 INFO: On pulse 7 out of 20 complete
2026-09-09 11:01:23,531 INFO: Off pulse 7 out of 20 complete
2026-09-09 11:01:24,031 INFO: On pulse 8 out of 20 complete
2026-09-09 11:01:24,532 INFO: Off pulse 8 out of 20 complete
2026-09-09 11:01:25,032 INFO: On pulse 9 out of 20 complete
2026-09-09 11:01:25,533 INFO: Off pulse 9 out of 20 complete
2026-09-09 11:01:26,033 INFO: On pulse 10 out of 20 complete
2026-09-09 11:01:26,534 INFO: Off pulse 10 out of 20 complete
2026-09-09 11:01:27,035 INFO: On pulse 11 out of 20 complete
2026-09-09 11:01:27,535 INFO: Off pulse 11 out of 20 complete
2026-09-09 11:01:28,036 INFO: On pulse 12 out of 20 complete
2026-09-09 11:01:28,536 INFO: Off pulse 12 out of 20 complete
2026-09-09 11:01:29,037 INFO: On pulse 13 out of 20 complete
2026-09-09 11:01:29,538 INFO: Off pulse 13 out of 20 complete
2026-09-09 11:01:30,038 INFO: On pulse 14 out of 20 complete
2026-09-09 11:01:30,539 INFO: Off pulse 14 out of 20 complete
2026-09-09 11:01:31,039 INFO: On pulse 15 out of 20 complete
2026-09-09 11:01:31,540 INFO: Off pulse 15 out of 20 complete
2026-09-09 11:01:32,040 INFO: On pulse 16 out of 20 complete
2026-09-09 11:01:32,541 INFO: Off pulse 16 out of 20 complete
2026-09-09 11:01:33,042 INFO: On pulse 17 out of 20 complete
2026-09-09 11:01:33,542 INFO: Off pulse 17 out of 20 complete
2026-09-09 11:01:34,043 INFO: On pulse 18 out of 20 complete
2026-09-09 11:01:34,543 INFO: Off pulse 18 out of 20 complete
2026-09-09 11:01:35,044 INFO: On pulse 19 out of 20 complete
2026-09-09 11:01:35,545 INFO: Off pulse 19 out of 20 complete
2026-09-09 11:01:36,045 INFO: On pulse 20 out of 20 complete
2026-09-09 11:01:36,546 INFO: Off pulse 20 out of 20 complete
2026-09-09 11:01:37,046 INFO: 20 of pulses complete
2026-09-09 11:02:04,087 INFO: Pulsing GPIO Pins
2026-09-09 11:02:04,087 INFO: On pulse 1 out of 20 complete
2026-09-09 11:02:04,587 INFO: Off pulse 1 out of 20 complete
2026-09-09 11:02:05,087 INFO: On pulse 2 out of 20 complete
2026-09-09 11:02:05,588 INFO: Off pulse 2 out of 20 complete
2026-09-09 11:02:06,088 INFO: On pulse 3 out of 20 complete
2026-09-09 11:02:06,588 INFO: Off pulse 3 out of 20 complete
2026-09-09 11:02:07,089 INFO: On pulse 4 out of 20 complete
2026-09-09 11:02:07,589 INFO: Off pulse 4 out of 20 complete
2026-09-09 11:02:08,089 INFO: On pulse 5 out of 20 complete
2026-09-09 11:02:08,590 INFO: Off pulse 5 out of 20 complete
2026-09-09 11:02:09,090 INFO: On pulse 6 out of 20 complete
2026-09-09 11:02:09,591 INFO: Off pulse 6 out of 20 complete
2026-09-09 11:02:10,091 INFO: On pulse 7 out of 20 complete
2026-09-09 11:02:10,592 INFO: Off pulse 7 out of 20 complete
2026-09-09 11:02:11,093 INFO: On pulse 8 out of 20 complete
2026-09-09 11:02:11,593 INFO: Off pulse 8 out of 20 complete
2026-09-09 11:02:12,094 INFO: On pulse 9 out of 20 complete
2026-09-09 11:02:12,594 INFO: Off pulse 9 out of 20 complete
2026-09-09 11:02:13,095 INFO: On pulse 10 out of 20 complete
2026-09-09 11:02:13,596 INFO: Off pulse 10 out of 20 complete
2026-09-09 11:02:14,096 INFO: On pulse 11 out of 20 complete
2026-09-09 11:02:14,597 INFO: Off pulse 11 out of 20 complete
2026-09-09 11:02:15,097 INFO: On pulse 12 out of 20 complete
2026-09-09 11:02:15,598 INFO: Off pulse 12 out of 20 complete
2026-09-09 11:02:16,099 INFO: On pulse 13 out of 20 complete
2026-09-09 11:02:16,599 INFO: Off pulse 13 out of 20 complete
2026-09-09 11:02:17,100 INFO: On pulse 14 out of 20 complete
2026-09-09 11:02:17,600 INFO: Off pulse 14 out of 20 complete
2026-09-09 11:02:18,101 INFO: On pulse 15 out of 20 complete
2026-09-09 11:02:18,602 INFO: Off pulse 15 out of 20 complete
2026-09-09 11:02:19,102 INFO: On pulse 16 out of 20 complete
2026-09-09 11:02:19,603 INFO: Off pulse 16 out of 20 complete
2026-09-09 11:02:20,103 INFO: On pulse 17 out of 20 complete
2026-09-09 11:02:20,604 INFO: Off pulse 17 out of 20 complete
2026-09-09 11:02:21,104 INFO: On pulse 18 out of 20 complete
2026-09-09 11:02:21,605 INFO: Off pulse 18 out of 20 complete
2026-09-09 11:02:22,105 INFO: On pulse 19 out of 20 complete
2026-09-09 11:02:22,605 INFO: Off pulse 19 out of 20 complete
2026-09-09 11:02:23,106 INFO: On pulse 20 out of 20 complete
2026-09-09 11:02:23,606 INFO: Off pulse 20 out of 20 complete
2026-09-09 11:02:24,106 INFO: 20 of pulses complete
2026-09-09 11:03:04,123 INFO: Pulsing GPIO Pins
2026-09-09 11:03:04,123 INFO: On pulse 1 out of 20 complete
2026-09-09 11:03:04,623 INFO: Off pulse 1 out of 20 complete
2026-09-09 11:03:05,123 INFO: On pulse 2 out of 20 complete
2026-09-09 11:03:05,624 INFO: Off pulse 2 out of 20 complete
2026-09-09 11:03:06,124 INFO: On pulse 3 out of 20 complete
2026-09-09 11:03:06,624 INFO: Off pulse 3 out of 20 complete
2026-09-09 11:03:07,125 INFO: On pulse 4 out of 20 complete
2026-09-09 11:03:07,625 INFO: Off pulse 4 out of 20 complete
2026-09-09 11:03:08,125 INFO: On pulse 5 out of 20 complete
2026-09-09 11:03:08,626 INFO: Off pulse 5 out of 20 complete
2026-09-09 11:03:09,126 INFO: On pulse 6 out of 20 complete
2026-09-09 11:03:09,626 INFO: Off pulse 6 out of 20 complete
2026-09-09 11:03:10,127 INFO: On pulse 7 out of 20 complete
2026-09-09 11:03:10,628 INFO: Off pulse 7 out of 20 complete
2026-09-09 11:03:11,128 INFO: On pulse 8 out of 20 complete
2026-09-09 11:03:11,629 INFO: Off pulse 8 out of 20 complete
2026-09-09 11:03:12,129 INFO: On pulse 9 out of 20 complete
2026-09-09 11:03:12,630 INFO: Off pulse 9 out of 20 complete
2026-09-09 11:03:13,130 INFO: On pulse 10 out of 20 complete
2026-09-09 11:03:13,631 INFO: Off pulse 10 out of 20 complete
2026-09-09 11:03:14,132 INFO: On pulse 11 out of 20 complete
2026-09-09 11:03:14,632 INFO: Off pulse 11 out of 20 complete
2026-09-09 11:03:15,133 INFO: On pulse 12 out of 20 complete
2026-09-09 11:03:15,633 INFO: Off pulse 12 out of 20 complete
2026-09-09 11:03:16,134 INFO: On pulse 13 out of 20 complete
2026-09-09 11:03:16,635 INFO: Off pulse 13 out of 20 complete
2026-09-09 11:03:17,135 INFO: On pulse 14 out of 20 complete
2026-09-09 11:03:17,636 INFO: Off pulse 14 out of 20 complete
2026-09-09 11:03:18,136 INFO: On pulse 15 out of 20 complete
2026-09-09 11:03:18,637 INFO: Off pulse 15 out of 20 complete
2026-09-09 11:03:19,137 INFO: On pulse 16 out of 20 complete
2026-09-09 11:03:19,638 INFO: Off pulse 16 out of 20 complete
2026-09-09 11:03:20,139 INFO: On pulse 17 out of 20 complete
2026-09-09 11:03:20,639 INFO: Off pulse 17 out of 20 complete
2026-09-09 11:03:21,140 INFO: On pulse 18 out of 20 complete
2026-09-09 11:03:21,640 INFO: Off pulse 18 out of 20 complete
2026-09-09 11:03:22,141 INFO: On pulse 19 out of 20 complete
2026-09-09 11:03:22,641 INFO: Off pulse 19 out of 20 complete
2026-09-09 11:03:23,142 INFO: On pulse 20 out of 20 complete
2026-09-09 11:03:23,643 INFO: Off pulse 20 out of 20 complete
2026-09-09 11:03:24,143 INFO: 20 of pulses complete
2026-09-09 11:04:04,066 INFO: Pulsing GPIO Pins
2026-09-09 11:04:04,067 INFO: On pulse 1 out of 20 complete
2026-09-09 11:04:04,567 INFO: Off pulse 1 out of 20 complete
2026-09-09 11:04:05,067 INFO: On pulse 2 out of 20 complete
2026-09-09 11:04:05,568 INFO: Off pulse 2 out of 20 complete
2026-09-09 11:04:06,068 INFO: On pulse 3 out of 20 complete
2026-09-09 11:04:06,568 INFO: Off pulse 3 out of 20 complete
2026-09-09 11:04:07,069 INFO: On pulse 4 out of 20 complete
2026-09-09 11:04:07,569 INFO: Off pulse 4 out of 20 complete
2026-09-09 11:04:08,069 INFO: On pulse 5 out of 20 complete
2026-09-09 11:04:08,569 INFO: Off pulse 5 out of 20 complete
2026-09-09 11:04:09,070 INFO: On pulse 6 out of 20 complete
2026-09-09 11:04:09,570 INFO: Off pulse 6 out of 20 complete
2026-09-09 11:04:10,071 INFO: On pulse 7 out of 20 complete
2026-09-09 11:04:10,572 INFO: Off pulse 7 out of 20 complete
2026-09-09 11:04:11,072 INFO: On pulse 8 out of 20 complete
2026-09-09 11:04:11,573 INFO: Off pulse 8 out of 20 complete
2026-09-09 11:04:12,073 INFO: On pulse 9 out of 20 complete
2026-09-09 11:04:12,574 INFO: Off pulse 9 out of 20 complete
2026-09-09 11:04:13,075 INFO: On pulse 10 out of 20 complete
2026-09-09 11:04:13,575 INFO: Off pulse 10 out of 20 complete
2026-09-09 11:04:14,076 INFO: On pulse 11 out of 20 complete
2026-09-09 11:04:14,577 INFO: Off pulse 11 out of 20 complete
2026-09-09 11:04:15,077 INFO: On pulse 12 out of 20 complete
2026-09-09 11:04:15,578 INFO: Off pulse 12 out of 20 complete
2026-09-09 11:04:16,078 INFO: On pulse 13 out of 20 complete
2026-09-09 11:04:16,579 INFO: Off pulse 13 out of 20 complete
2026-09-09 11:04:17,080 INFO: On pulse 14 out of 20 complete
2026-09-09 11:04:17,580 INFO: Off pulse 14 out of 20 complete
2026-09-09 11:04:18,081 INFO: On pulse 15 out of 20 complete
2026-09-09 11:04:18,581 INFO: Off pulse 15 out of 20 complete
2026-09-09 11:04:19,082 INFO: On pulse 16 out of 20 complete
2026-09-09 11:04:19,583 INFO: Off pulse 16 out of 20 complete
2026-09-09 11:04:20,083 INFO: On pulse 17 out of 20 complete
2026-09-09 11:04:20,584 INFO: Off pulse 17 out of 20 complete
2026-09-09 11:04:21,084 INFO: On pulse 18 out of 20 complete
2026-09-09 11:04:21,585 INFO: Off pulse 18 out of 20 complete
2026-09-09 11:04:22,085 INFO: On pulse 19 out of 20 complete
2026-09-09 11:04:22,586 INFO: Off pulse 19 out of 20 complete
2026-09-09 11:04:23,087 INFO: On pulse 20 out of 20 complete
2026-09-09 11:04:23,587 INFO: Off pulse 20 out of 20 complete
2026-09-09 11:04:24,088 INFO: 20 of pulses complete
2026-09-09 11:05:04,082 INFO: Pulsing GPIO Pins
2026-09-09 11:05:04,082 INFO: On pulse 1 out of 20 complete
2026-09-09 11:05:04,582 INFO: Off pulse 1 out of 20 complete
2026-09-09 11:05:05,082 INFO: On pulse 2 out of 20 complete
2026-09-09 11:05:05,583 INFO: Off pulse 2 out of 20 complete
2026-09-09 11:05:06,083 INFO: On pulse 3 out of 20 complete
2026-09-09 11:05:06,583 INFO: Off pulse 3 out of 20 complete
2026-09-09 11:05:07,084 INFO: On pulse 4 out of 20 complete
2026-09-09 11:05:07,584 INFO: Off pulse 4 out of 20 complete
2026-09-09 11:05:08,084 INFO: On pulse 5 out of 20 complete
2026-09-09 11:05:08,585 INFO: Off pulse 5 out of 20 complete
2026-09-09 11:05:09,085 INFO: On pulse 6 out of 20 complete
2026-09-09 11:05:09,585 INFO: Off pulse 6 out of 20 complete
2026-09-09 11:05:10,086 INFO: On pulse 7 out of 20 complete
2026-09-09 11:05:10,587 INFO: Off pulse 7 out of 20 complete
2026-09-09 11:05:11,087 INFO: On pulse 8 out of 20 complete
2026-09-09 11:05:11,588 INFO: Off pulse 8 out of 20 complete
2026-09-09 11:05:12,088 INFO: On pulse 9 out of 20 complete
2026-09-09 11:05:12,589 INFO: Off pulse 9 out of 20 complete
2026-09-09 11:05:13,090 INFO: On pulse 10 out of 20 complete
2026-09-09 11:05:13,590 INFO: Off pulse 10 out of 20 complete
2026-09-09 11:05:14,091 INFO: On pulse 11 out of 20 complete
2026-09-09 11:05:14,591 INFO: Off pulse 11 out of 20 complete
2026-09-09 11:05:15,092 INFO: On pulse 12 out of 20 complete
2026-09-09 11:05:15,592 INFO: Off pulse 12 out of 20 complete
2026-09-09 11:05:16,093 INFO: On pulse 13 out of 20 complete
2026-09-09 11:05:16,593 INFO: Off pulse 13 out of 20 complete
2026-09-09 11:05:17,094 INFO: On pulse 14 out of 20 complete
2026-09-09 11:05:17,595 INFO: Off pulse 14 out of 20 complete
2026-09-09 11:05:18,095 INFO: On pulse 15 out of 20 complete
2026-09-09 11:05:18,596 INFO: Off pulse 15 out of 20 complete
2026-09-09 11:05:19,096 INFO: On pulse 16 out of 20 complete
2026-09-09 11:05:19,597 INFO: Off pulse 16 out of 20 complete
2026-09-09 11:05:20,097 INFO: On pulse 17 out of 20 complete
2026-09-09 11:05:20,598 INFO: Off pulse 17 out of 20 complete
2026-09-09 11:05:21,099 INFO: On pulse 18 out of 20 complete
2026-09-09 11:05:21,599 INFO: Off pulse 18 out of 20 complete
2026-09-09 11:05:22,100 INFO: On pulse 19 out of 20 complete
2026-09-09 11:05:22,600 INFO: Off pulse 19 out of 20 complete
2026-09-09 11:05:23,101 INFO: On pulse 20 out of 20 complete
2026-09-09 11:05:23,602 INFO: Off pulse 20 out of 20 complete
2026-09-09 11:05:24,102 INFO: 20 of pulses complete
2026-09-09 11:06:04,081 INFO: Pulsing GPIO Pins
2026-09-09 11:06:04,082 INFO: On pulse 1 out of 20 complete
2026-09-09 11:06:04,582 INFO: Off pulse 1 out of 20 complete
2026-09-09 11:06:05,082 INFO: On pulse 2 out of 20 complete
2026-09-09 11:06:05,583 INFO: Off pulse 2 out of 20 complete
2026-09-09 11:06:06,083 INFO: On pulse 3 out of 20 complete
2026-09-09 11:06:06,583 INFO: Off pulse 3 out of 20 complete
2026-09-09 11:06:07,084 INFO: On pulse 4 out of 20 complete
2026-09-09 11:06:07,584 INFO: Off pulse 4 out of 20 complete
2026-09-09 11:06:08,084 INFO: On pulse 5 out of 20 complete
2026-09-09 11:06:08,584 INFO: Off pulse 5 out of 20 complete
2026-09-09 11:06:09,085 INFO: On pulse 6 out of 20 complete
2026-09-09 11:06:09,585 INFO: Off pulse 6 out of 20 complete
2026-09-09 11:06:10,086 INFO: On pulse 7 out of 20 complete
2026-09-09 11:06:10,587 INFO: Off pulse 7 out of 20 complete
2026-09-09 11:06:11,087 INFO: On pulse 8 out of 20 complete
2026-09-09 11:06:11,588 INFO: Off pulse 8 out of 20 complete
2026-09-09 11:06:12,089 INFO: On pulse 9 out of 20 complete
2026-09-09 11:06:12,589 INFO: Off pulse 9 out of 20 complete
2026-09-09 11:06:13,090 INFO: On pulse 10 out of 20 complete
2026-09-09 11:06:13,590 INFO: Off pulse 10 out of 20 complete
2026-09-09 11:06:14,091 INFO: On pulse 11 out of 20 complete
2026-09-09 11:06:14,591 INFO: Off pulse 11 out of 20 complete
2026-09-09 11:06:15,092 INFO: On pulse 12 out of 20 complete
2026-09-09 11:06:15,593 INFO: Off pulse 12 out of 20 complete
2026-09-09 11:06:16,093 INFO: On pulse 13 out of 20 complete
2026-09-09 11:06:16,594 INFO: Off pulse 13 out of 20 complete
2026-09-09 11:06:17,094 INFO: On pulse 14 out of 20 complete
2026-09-09 11:06:17,595 INFO: Off pulse 14 out of 20 complete
2026-09-09 11:06:18,095 INFO: On pulse 15 out of 20 complete
2026-09-09 11:06:18,596 INFO: Off pulse 15 out of 20 complete
2026-09-09 11:06:19,097 INFO: On pulse 16 out of 20 complete
2026-09-09 11:06:19,597 INFO: Off pulse 16 out of 20 complete
2026-09-09 11:06:20,098 INFO: On pulse 17 out of 20 complete
2026-09-09 11:06:20,598 INFO: Off pulse 17 out of 20 complete
2026-09-09 11:06:21,099 INFO: On pulse 18 out of 20 complete
2026-09-09 11:06:21,600 INFO: Off pulse 18 out of 20 complete
2026-09-09 11:06:22,100 INFO: On pulse 19 out of 20 complete
2026-09-09 11:06:22,601 INFO: Off pulse 19 out of 20 complete
2026-09-09 11:06:23,101 INFO: On pulse 20 out of 20 complete
2026-09-09 11:06:23,602 INFO: Off pulse 20 out of 20 complete
2026-09-09 11:06:24,103 INFO: 20 of pulses complete
2026-09-09 11:07:04,081 INFO: Pulsing GPIO Pins
2026-09-09 11:07:04,082 INFO: On pulse 1 out of 20 complete
2026-09-09 11:07:04,582 INFO: Off pulse 1 out of 20 complete
2026-09-09 11:07:05,082 INFO: On pulse 2 out of 20 complete
2026-09-09 11:07:05,583 INFO: Off pulse 2 out of 20 complete
2026-09-09 11:07:06,083 INFO: On pulse 3 out of 20 complete
2026-09-09 11:07:06,583 INFO: Off pulse 3 out of 20 complete
2026-09-09 11:07:07,084 INFO: On pulse 4 out of 20 complete
2026-09-09 11:07:07,584 INFO: Off pulse 4 out of 20 complete
2026-09-09 11:07:08,084 INFO: On pulse 5 out of 20 complete
2026-09-09 11:07:08,584 INFO: Off pulse 5 out of 20 complete
2026-09-09 11:07:09,085 INFO: On pulse 6 out of 20 complete
2026-09-09 11:07:09,585 INFO: Off pulse 6 out of 20 complete
2026-09-09 11:07:10,086 INFO: On pulse 7 out of 20 complete
2026-09-09 11:07:10,587 INFO: Off pulse 7 out of 20 complete
2026-09-09 11:07:11,087 INFO: On pulse 8 out of 20 complete
2026-09-09 11:07:11,588 INFO: Off pulse 8 out of 20 complete
2026-09-09 11:07:12,088 INFO: On pulse 9 out of 20 complete
2026-09-09 11:07:12,589 INFO: Off pulse 9 out of 20 complete
2026-09-09 11:07:13,090 INFO: On pulse 10 out of 20 complete
2026-09-09 11:07:13,590 INFO: Off pulse 10 out of 20 complete
2026-09-09 11:07:14,091 INFO: On pulse 11 out of 20 complete
2026-09-09 11:07:14,593 INFO: Off pulse 11 out of 20 complete
2026-09-09 11:07:15,093 INFO: On pulse 12 out of 20 complete
2026-09-09 11:07:15,594 INFO: Off pulse 12 out of 20 complete
2026-09-09 11:07:16,094 INFO: On pulse 13 out of 20 complete
2026-09-09 11:07:16,595 INFO: Off pulse 13 out of 20 complete
2026-09-09 11:07:17,096 INFO: On pulse 14 out of 20 complete
2026-09-09 11:07:17,596 INFO: Off pulse 14 out of 20 complete
2026-09-09 11:07:18,097 INFO: On pulse 15 out of 20 complete
2026-09-09 11:07:18,597 INFO: Off pulse 15 out of 20 complete
2026-09-09 11:07:19,098 INFO: On pulse 16 out of 20 complete
2026-09-09 11:07:19,599 INFO: Off pulse 16 out of 20 complete
2026-09-09 11:07:20,099 INFO: On pulse 17 out of 20 complete
2026-09-09 11:07:20,600 INFO: Off pulse 17 out of 20 complete
2026-09-09 11:07:21,100 INFO: On pulse 18 out of 20 complete
2026-09-09 11:07:21,601 INFO: Off pulse 18 out of 20 complete
2026-09-09 11:07:22,101 INFO: On pulse 19 out of 20 complete
2026-09-09 11:07:22,602 INFO: Off pulse 19 out of 20 complete
2026-09-09 11:07:23,102 INFO: On pulse 20 out of 20 complete
2026-09-09 11:07:23,603 INFO: Off pulse 20 out of 20 complete
2026-09-09 11:07:24,104 INFO: 20 of pulses complete
2026-09-09 11:08:04,082 INFO: Pulsing GPIO Pins
2026-09-09 11:08:04,083 INFO: On pulse 1 out of 20 complete
2026-09-09 11:08:04,583 INFO: Off pulse 1 out of 20 complete
2026-09-09 11:08:05,083 INFO: On pulse 2 out of 20 complete
2026-09-09 11:08:05,584 INFO: Off pulse 2 out of 20 complete
2026-09-09 11:08:06,084 INFO: On pulse 3 out of 20 complete
2026-09-09 11:08:06,584 INFO: Off pulse 3 out of 20 complete
2026-09-09 11:08:07,084 INFO: On pulse 4 out of 20 complete
2026-09-09 11:08:07,585 INFO: Off pulse 4 out of 20 complete
2026-09-09 11:08:08,085 INFO: On pulse 5 out of 20 complete
2026-09-09 11:08:08,585 INFO: Off pulse 5 out of 20 complete
2026-09-09 11:08:09,086 INFO: On pulse 6 out of 20 complete
2026-09-09 11:08:09,586 INFO: Off pulse 6 out of 20 complete
2026-09-09 11:08:10,087 INFO: On pulse 7 out of 20 complete
2026-09-09 11:08:10,588 INFO: Off pulse 7 out of 20 complete
2026-09-09 11:08:11,089 INFO: On pulse 8 out of 20 complete
2026-09-09 11:08:11,589 INFO: Off pulse 8 out of 20 complete
2026-09-09 11:08:12,090 INFO: On pulse 9 out of 20 complete
2026-09-09 11:08:12,590 INFO: Off pulse 9 out of 20 complete
2026-09-09 11:08:13,091 INFO: On pulse 10 out of 20 complete
2026-09-09 11:08:13,592 INFO: Off pulse 10 out of 20 complete
2026-09-09 11:08:14,092 INFO: On pulse 11 out of 20 complete
2026-09-09 11:08:14,593 INFO: Off pulse 11 out of 20 complete
2026-09-09 11:08:15,094 INFO: On pulse 12 out of 20 complete
2026-09-09 11:08:15,594 INFO: Off pulse 12 out of 20 complete
2026-09-09 11:08:16,095 INFO: On pulse 13 out of 20 complete
2026-09-09 11:08:16,595 INFO: Off pulse 13 out of 20 complete
2026-09-09 11:08:17,096 INFO: On pulse 14 out of 20 complete
2026-09-09 11:08:17,597 INFO: Off pulse 14 out of 20 complete
2026-09-09 11:08:18,097 INFO: On pulse 15 out of 20 complete
2026-09-09 11:08:18,598 INFO: Off pulse 15 out of 20 complete
2026-09-09 11:08:19,098 INFO: On pulse 16 out of 20 complete
2026-09-09 11:08:19,599 INFO: Off pulse 16 out of 20 complete
2026-09-09 11:08:20,099 INFO: On pulse 17 out of 20 complete
2026-09-09 11:08:20,600 INFO: Off pulse 17 out of 20 complete
2026-09-09 11:08:21,101 INFO: On pulse 18 out of 20 complete
2026-09-09 11:08:21,601 INFO: Off pulse 18 out of 20 complete
2026-09-09 11:08:22,102 INFO: On pulse 19 out of 20 complete
2026-09-09 11:08:22,602 INFO: Off pulse 19 out of 20 complete
2026-09-09 11:08:23,103 INFO: On pulse 20 out of 20 complete
2026-09-09 11:08:23,604 INFO: Off pulse 20 out of 20 complete
2026-09-09 11:08:24,104 INFO: 20 of pulses complete
2026-09-09 11:09:04,084 INFO: Pulsing GPIO Pins
2026-09-09 11:09:04,084 INFO: On pulse 1 out of 20 complete
2026-09-09 11:09:04,585 INFO: Off pulse 1 out of 20 complete
2026-09-09 11:09:05,085 INFO: On pulse 2 out of 20 complete
2026-09-09 11:09:05,585 INFO: Off pulse 2 out of 20 complete
2026-09-09 11:09:06,086 INFO: On pulse 3 out of 20 complete
2026-09-09 11:09:06,586 INFO: Off pulse 3 out of 20 complete
2026-09-09 11:09:07,086 INFO: On pulse 4 out of 20 complete
2026-09-09 11:09:07,586 INFO: Off pulse 4 out of 20 complete
2026-09-09 11:09:08,087 INFO: On pulse 5 out of 20 complete
2026-09-09 11:09:08,587 INFO: Off pulse 5 out of 20 complete
2026-09-09 11:09:09,087 INFO: On pulse 6 out of 20 complete
2026-09-09 11:09:09,588 INFO: Off pulse 6 out of 20 complete
2026-09-09 11:09:10,089 INFO: On pulse 7 out of 20 complete
2026-09-09 11:09:10,589 INFO: Off pulse 7 out of 20 complete
2026-09-09 11:09:11,090 INFO: On pulse 8 out of 20 complete
2026-09-09 11:09:11,591 INFO: Off pulse 8 out of 20 complete
2026-09-09 11:09:12,091 INFO: On pulse 9 out of 20 complete
2026-09-09 11:09:12,592 INFO: Off pulse 9 out of 20 complete
2026-09-09 11:09:13,092 INFO: On pulse 10 out of 20 complete
2026-09-09 11:09:13,593 INFO: Off pulse 10 out of 20 complete
2026-09-09 11:09:14,094 INFO: On pulse 11 out of 20 complete
2026-09-09 11:09:14,594 INFO: Off pulse 11 out of 20 complete
2026-09-09 11:09:15,095 INFO: On pulse 12 out of 20 complete
2026-09-09 11:09:15,595 INFO: Off pulse 12 out of 20 complete
2026-09-09 11:09:16,096 INFO: On pulse 13 out of 20 complete
2026-09-09 11:09:16,597 INFO: Off pulse 13 out of 20 complete
2026-09-09 11:09:17,097 INFO: On pulse 14 out of 20 complete
2026-09-09 11:09:17,598 INFO: Off pulse 14 out of 20 complete
2026-09-09 11:09:18,098 INFO: On pulse 15 out of 20 complete
2026-09-09 11:09:18,599 INFO: Off pulse 15 out of 20 complete
2026-09-09 11:09:19,100 INFO: On pulse 16 out of 20 complete
2026-09-09 11:09:19,600 INFO: Off pulse 16 out of 20 complete
2026-09-09 11:09:20,101 INFO: On pulse 17 out of 20 complete
2026-09-09 11:09:20,601 INFO: Off pulse 17 out of 20 complete
2026-09-09 11:09:21,102 INFO: On pulse 18 out of 20 complete
2026-09-09 11:09:21,603 INFO: Off pulse 18 out of 20 complete
2026-09-09 11:09:22,103 INFO: On pulse 19 out of 20 complete
2026-09-09 11:09:22,604 INFO: Off pulse 19 out of 20 complete
2026-09-09 11:09:23,104 INFO: On pulse 20 out of 20 complete
2026-09-09 11:09:23,605 INFO: Off pulse 20 out of 20 complete
2026-09-09 11:09:24,106 INFO: 20 of pulses complete
2026-09-09 11:10:04,083 INFO: Pulsing GPIO Pins
2026-09-09 11:10:04,083 INFO: On pulse 1 out of 20 complete
2026-09-09 11:10:04,583 INFO: Off pulse 1 out of 20 complete
2026-09-09 11:10:05,084 INFO: On pulse 2 out of 20 complete
2026-09-09 11:10:05,584 INFO: Off pulse 2 out of 20 complete
2026-09-09 11:10:06,084 INFO: On pulse 3 out of 20 complete
2026-09-09 11:10:06,585 INFO: Off pulse 3 out of 20 complete
2026-09-09 11:10:07,085 INFO: On pulse 4 out of 20 complete
2026-09-09 11:10:07,585 INFO: Off pulse 4 out of 20 complete
2026-09-09 11:10:08,086 INFO: On pulse 5 out of 20 complete
2026-09-09 11:10:08,586 INFO: Off pulse 5 out of 20 complete
2026-09-09 11:10:09,086 INFO: On pulse 6 out of 20 complete
2026-09-09 11:10:09,587 INFO: Off pulse 6 out of 20 complete
2026-09-09 11:10:10,088 INFO: On pulse 7 out of 20 complete
2026-09-09 11:10:10,588 INFO: Off pulse 7 out of 20 complete
2026-09-09 11:10:11,089 INFO: On pulse 8 out of 20 complete
2026-09-09 11:10:11,590 INFO: Off pulse 8 out of 20 complete
2026-09-09 11:10:12,090 INFO: On pulse 9 out of 20 complete
2026-09-09 11:10:12,591 INFO: Off pulse 9 out of 20 complete
2026-09-09 11:10:13,091 INFO: On pulse 10 out of 20 complete
2026-09-09 11:10:13,592 INFO: Off pulse 10 out of 20 complete
2026-09-09 11:10:14,092 INFO: On pulse 11 out of 20 complete
2026-09-09 11:10:14,593 INFO: Off pulse 11 out of 20 complete
2026-09-09 11:10:15,094 INFO: On pulse 12 out of 20 complete
2026-09-09 11:10:15,594 INFO: Off pulse 12 out of 20 complete
2026-09-09 11:10:16,095 INFO: On pulse 13 out of 20 complete
2026-09-09 11:10:16,595 INFO: Off pulse 13 out of 20 complete
2026-09-09 11:10:17,096 INFO: On pulse 14 out of 20 complete
2026-09-09 11:10:17,597 INFO: Off pulse 14 out of 20 complete
2026-09-09 11:10:18,097 INFO: On pulse 15 out of 20 complete
2026-09-09 11:10:18,598 INFO: Off pulse 15 out of 20 complete
2026-09-09 11:10:19,098 INFO: On pulse 16 out of 20 complete
2026-09-09 11:10:19,599 INFO: Off pulse 16 out of 20 complete
2026-09-09 11:10:20,099 INFO: On pulse 17 out of 20 complete
2026-09-09 11:10:20,600 INFO: Off pulse 17 out of 20 complete
2026-09-09 11:10:21,101 INFO: On pulse 18 out of 20 complete
2026-09-09 11:10:21,601 INFO: Off pulse 18 out of 20 complete
2026-09-09 11:10:22,102 INFO: On pulse 19 out of 20 complete
2026-09-09 11:10:22,602 INFO: Off pulse 19 out of 20 complete
2026-09-09 11:10:23,103 INFO: On pulse 20 out of 20 complete
2026-09-09 11:10:23,603 INFO: Off pulse 20 out of 20 complete
2026-09-09 11:10:24,104 INFO: 20 of pulses complete
2026-09-09 11:11:17,024 INFO: Pulsing GPIO Pins
2026-09-09 11:11:17,024 INFO: On pulse 1 out of 20 complete
2026-09-09 11:11:17,524 INFO: Off pulse 1 out of 20 complete
2026-09-09 11:11:18,025 INFO: On pulse 2 out of 20 complete
2026-09-09 11:11:18,525 INFO: Off pulse 2 out of 20 complete
2026-09-09 11:11:19,025 INFO: On pulse 3 out of 20 complete
2026-09-09 11:11:19,526 INFO: Off pulse 3 out of 20 complete
2026-09-09 11:11:20,026 INFO: On pulse 4 out of 20 complete
2026-09-09 11:11:20,526 INFO: Off pulse 4 out of 20 complete
2026-09-09 11:11:21,027 INFO: On pulse 5 out of 20 complete
2026-09-09 11:11:21,527 INFO: Off pulse 5 out of 20 complete
2026-09-09 11:11:22,027 INFO: On pulse 6 out of 20 complete
2026-09-09 11:11:22,528 INFO: Off pulse 6 out of 20 complete
2026-09-09 11:11:23,029 INFO: On pulse 7 out of 20 complete
2026-09-09 11:11:23,529 INFO: Off pulse 7 out of 20 complete
2026-09-09 11:11:24,030 INFO: On pulse 8 out of 20 complete
2026-09-09 11:11:24,531 INFO: Off pulse 8 out of 20 complete
2026-09-09 11:11:25,031 INFO: On pulse 9 out of 20 complete
2026-09-09 11:11:25,532 INFO: Off pulse 9 out of 20 complete
2026-09-09 11:11:26,032 INFO: On pulse 10 out of 20 complete
2026-09-09 11:11:26,533 INFO: Off pulse 10 out of 20 complete
2026-09-09 11:11:27,033 INFO: On pulse 11 out of 20 complete
2026-09-09 11:11:27,534 INFO: Off pulse 11 out of 20 complete
2026-09-09 11:11:28,034 INFO: On pulse 12 out of 20 complete
2026-09-09 11:11:28,535 INFO: Off pulse 12 out of 20 complete
2026-09-09 11:11:29,035 INFO: On pulse 13 out of 20 complete
2026-09-09 11:11:29,536 INFO: Off pulse 13 out of 20 complete
2026-09-09 11:11:30,037 INFO: On pulse 14 out of 20 complete
2026-09-09 11:11:30,537 INFO: Off pulse 14 out of 20 complete
2026-09-09 11:11:31,038 INFO: On pulse 15 out of 20 complete
2026-09-09 11:11:31,538 INFO: Off pulse 15 out of 20 complete
2026-09-09 11:11:32,039 INFO: On pulse 16 out of 20 complete
2026-09-09 11:11:32,539 INFO: Off pulse 16 out of 20 complete
2026-09-09 11:11:33,040 INFO: On pulse 17 out of 20 complete
2026-09-09 11:11:33,541 INFO: Off pulse 17 out of 20 complete
2026-09-09 11:11:34,041 INFO: On pulse 18 out of 20 complete
2026-09-09 11:11:34,542 INFO: Off pulse 18 out of 20 complete
2026-09-09 11:11:35,042 INFO: On pulse 19 out of 20 complete
2026-09-09 11:11:35,543 INFO: Off pulse 19 out of 20 complete
2026-09-09 11:11:36,043 INFO: On pulse 20 out of 20 complete
2026-09-09 11:11:36,544 INFO: Off pulse 20 out of 20 complete
2026-09-09 11:11:37,044 INFO: 20 of pulses complete
2026-09-09 11:12:04,090 INFO: Pulsing GPIO Pins
2026-09-09 11:12:04,090 INFO: On pulse 1 out of 20 complete
2026-09-09 11:12:04,590 INFO: Off pulse 1 out of 20 complete
2026-09-09 11:12:05,091 INFO: On pulse 2 out of 20 complete
2026-09-09 11:12:05,591 INFO: Off pulse 2 out of 20 complete
2026-09-09 11:12:06,091 INFO: On pulse 3 out of 20 complete
2026-09-09 11:12:06,592 INFO: Off pulse 3 out of 20 complete
2026-09-09 11:12:07,092 INFO: On pulse 4 out of 20 complete
2026-09-09 11:12:07,592 INFO: Off pulse 4 out of 20 complete
2026-09-09 11:12:08,093 INFO: On pulse 5 out of 20 complete
2026-09-09 11:12:08,593 INFO: Off pulse 5 out of 20 complete
2026-09-09 11:12:09,093 INFO: On pulse 6 out of 20 complete
2026-09-09 11:12:09,594 INFO: Off pulse 6 out of 20 complete
2026-09-09 11:12:10,094 INFO: On pulse 7 out of 20 complete
2026-09-09 11:12:10,595 INFO: Off pulse 7 out of 20 complete
2026-09-09 11:12:11,096 INFO: On pulse 8 out of 20 complete
2026-09-09 11:12:11,596 INFO: Off pulse 8 out of 20 complete
2026-09-09 11:12:12,097 INFO: On pulse 9 out of 20 complete
2026-09-09 11:12:12,598 INFO: Off pulse 9 out of 20 complete
2026-09-09 11:12:13,098 INFO: On pulse 10 out of 20 complete
2026-09-09 11:12:13,599 INFO: Off pulse 10 out of 20 complete
2026-09-09 11:12:14,099 INFO: On pulse 11 out of 20 complete
2026-09-09 11:12:14,600 INFO: Off pulse 11 out of 20 complete
2026-09-09 11:12:15,101 INFO: On pulse 12 out of 20 complete
2026-09-09 11:12:15,601 INFO: Off pulse 12 out of 20 complete
2026-09-09 11:12:16,102 INFO: On pulse 13 out of 20 complete
2026-09-09 11:12:16,603 INFO: Off pulse 13 out of 20 complete
2026-09-09 11:12:17,103 INFO: On pulse 14 out of 20 complete
2026-09-09 11:12:17,604 INFO: Off pulse 14 out of 20 complete
2026-09-09 11:12:18,104 INFO: On pulse 15 out of 20 complete
2026-09-09 11:12:18,605 INFO: Off pulse 15 out of 20 complete
2026-09-09 11:12:19,106 INFO: On pulse 16 out of 20 complete
2026-09-09 11:12:19,606 INFO: Off pulse 16 out of 20 complete
2026-09-09 11:12:20,106 INFO: On pulse 17 out of 20 complete
2026-09-09 11:12:20,607 INFO: Off pulse 17 out of 20 complete
2026-09-09 11:12:21,107 INFO: On pulse 18 out of 20 complete
2026-09-09 11:12:21,607 INFO: Off pulse 18 out of 20 complete
2026-09-09 11:12:22,108 INFO: On pulse 19 out of 20 complete
2026-09-09 11:12:22,608 INFO: Off pulse 19 out of 20 complete
2026-09-09 11:12:23,108 INFO: On pulse 20 out of 20 complete
2026-09-09 11:12:23,609 INFO: Off pulse 20 out of 20 complete
2026-09-09 11:12:24,109 INFO: 20 of pulses complete
